browser up
loaded sheet-set
assets ready
walker injected
figma/out/1440/sheet-set.json 20936 bytes; pageH 5279
loaded sheet-set-cards
assets ready
walker injected
figma/out/1440/sheet-set-cards.json 78918 bytes; pageH 5279
loaded sheet-look
assets ready
walker injected
figma/out/1440/sheet-look.json 19637 bytes; pageH 5719
loaded sheet-sizeguide
assets ready
walker injected
figma/out/1440/sheet-sizeguide.json 22268 bytes; pageH 5279
loaded sheet-pairs
assets ready
walker injected
figma/out/1440/sheet-pairs.json 21162 bytes; pageH 5234
loaded sheet-atb
assets ready
walker injected
figma/out/1440/sheet-atb.json 4932 bytes; pageH 5279
