browser up
loaded default
assets ready
walker injected
figma/out/390/default.json 271591 bytes; pageH 6311
loaded entry-09-3
assets ready
walker injected
figma/out/390/entry-09-3.json 291100 bytes; pageH 6477
loaded entry-none
assets ready
walker injected
figma/out/390/entry-none.json 265110 bytes; pageH 6477
loaded oos
assets ready
walker injected
figma/out/390/oos.json 319174 bytes; pageH 7118
loaded size-oos
assets ready
walker injected
figma/out/390/size-oos.json 276298 bytes; pageH 7118
loaded srec-down
assets ready
walker injected
figma/out/390/srec-down.json 271583 bytes; pageH 7118
loaded srec-off
assets ready
walker injected
figma/out/390/srec-off.json 268443 bytes; pageH 7118
loaded tabs-off
assets ready
walker injected
figma/out/390/tabs-off.json 262008 bytes; pageH 7118
loaded look-carousel
assets ready
walker injected
figma/out/390/look-carousel.json 321221 bytes; pageH 7118
loaded look-grid
assets ready
walker injected
figma/out/390/look-grid.json 295970 bytes; pageH 7118
loaded look-inline
assets ready
walker injected
figma/out/390/look-inline.json 326929 bytes; pageH 7118
loaded look-hot
assets ready
walker injected
figma/out/390/look-hot.json 273752 bytes; pageH 7118
loaded look-ms
assets ready
walker injected
figma/out/390/look-ms.json 296327 bytes; pageH 7118
loaded look-collage
assets ready
walker injected
figma/out/390/look-collage.json 275790 bytes; pageH 7118
loaded look-pairs
assets ready
walker injected
figma/out/390/look-pairs.json 271315 bytes; pageH 7118
loaded look-off
assets ready
walker injected
figma/out/390/look-off.json 267678 bytes; pageH 7118
loaded hp-grid
assets ready
walker injected
figma/out/390/hp-grid.json 259040 bytes; pageH 7118
loaded wtyl-grid
assets ready
walker injected
figma/out/390/wtyl-grid.json 259137 bytes; pageH 7118
loaded size-selected
assets ready
walker injected
figma/out/390/size-selected.json 271725 bytes; pageH 7118
loaded sheet-set
assets ready
walker injected
figma/out/390/sheet-set.json 20936 bytes; pageH 7118
loaded sheet-set-cards
assets ready
walker injected
figma/out/390/sheet-set-cards.json 78918 bytes; pageH 7118
loaded sheet-look
assets ready
walker injected
figma/out/390/sheet-look.json 315 bytes; pageH 7118
loaded sheet-sizeguide
assets ready
walker injected
figma/out/390/sheet-sizeguide.json 22092 bytes; pageH 7118
loaded sheet-pairs
assets ready
walker injected
figma/out/390/sheet-pairs.json 21221 bytes; pageH 7118
loaded sheet-atb
assets ready
walker injected
figma/out/390/sheet-atb.json 4930 bytes; pageH 7118
