browser up
loaded default
assets ready
walker injected
figma/out/1440/default.json 288402 bytes; pageH 5279
loaded entry-09-3
assets ready
walker injected
figma/out/1440/entry-09-3.json 307926 bytes; pageH 5445
loaded entry-none
assets ready
walker injected
figma/out/1440/entry-none.json 281922 bytes; pageH 5445
loaded oos
assets ready
walker injected
figma/out/1440/oos.json 335871 bytes; pageH 5665
loaded size-oos
assets ready
walker injected
figma/out/1440/size-oos.json 293117 bytes; pageH 5665
loaded srec-down
assets ready
walker injected
figma/out/1440/srec-down.json 288397 bytes; pageH 5665
loaded srec-off
assets ready
walker injected
figma/out/1440/srec-off.json 285258 bytes; pageH 5665
loaded tabs-off
assets ready
walker injected
figma/out/1440/tabs-off.json 278826 bytes; pageH 5665
loaded look-carousel
assets ready
walker injected
figma/out/1440/look-carousel.json 337870 bytes; pageH 5665
loaded look-grid
assets ready
walker injected
figma/out/1440/look-grid.json 312686 bytes; pageH 5665
loaded look-inline
assets ready
walker injected
figma/out/1440/look-inline.json 343696 bytes; pageH 5665
loaded look-hot
assets ready
walker injected
figma/out/1440/look-hot.json 290541 bytes; pageH 5719
loaded look-ms
assets ready
walker injected
figma/out/1440/look-ms.json 313086 bytes; pageH 5719
loaded look-collage
assets ready
walker injected
figma/out/1440/look-collage.json 292541 bytes; pageH 5719
loaded look-pairs
assets ready
walker injected
figma/out/1440/look-pairs.json 288117 bytes; pageH 5719
loaded look-off
assets ready
walker injected
figma/out/1440/look-off.json 284472 bytes; pageH 5719
loaded hp-grid
assets ready
walker injected
figma/out/1440/hp-grid.json 275910 bytes; pageH 5719
loaded wtyl-grid
assets ready
walker injected
figma/out/1440/wtyl-grid.json 276027 bytes; pageH 5719
loaded size-selected
assets ready
walker injected
figma/out/1440/size-selected.json 288539 bytes; pageH 5719
loaded sheet-set
assets ready
walker injected
figma/out/1440/sheet-set.json 20942 bytes; pageH 5719
loaded sheet-set-cards
assets ready
walker injected
figma/out/1440/sheet-set-cards.json 78924 bytes; pageH 5719
loaded sheet-look
assets ready
walker injected
figma/out/1440/sheet-look.json 316 bytes; pageH 5719
loaded sheet-sizeguide
assets ready
walker injected
figma/out/1440/sheet-sizeguide.json 22274 bytes; pageH 5719
loaded sheet-pairs
assets ready
walker injected
figma/out/1440/sheet-pairs.json 21168 bytes; pageH 5719
loaded sheet-atb
assets ready
walker injected
figma/out/1440/sheet-atb.json 4937 bytes; pageH 5719
