browser up
loaded sheet-set
assets ready
walker injected
figma/out/390/sheet-set.json 20931 bytes; pageH 6311
loaded sheet-set-cards
assets ready
walker injected
figma/out/390/sheet-set-cards.json 78913 bytes; pageH 6311
loaded sheet-look
assets ready
walker injected
figma/out/390/sheet-look.json 19652 bytes; pageH 6689
loaded sheet-sizeguide
assets ready
walker injected
figma/out/390/sheet-sizeguide.json 22088 bytes; pageH 6311
loaded sheet-pairs
assets ready
walker injected
figma/out/390/sheet-pairs.json 21217 bytes; pageH 6099
loaded sheet-atb
assets ready
walker injected
figma/out/390/sheet-atb.json 4927 bytes; pageH 6311
